---
source: librellog/src/lex/tests.rs
expression: output
input_file: librellog/src/lex/snapshot_tests/tmpl1.rellog
---
Ok(
    [
        OQuote@1:1,
        TxtContent("abcd")@1:2,
        OTxtInterp@1:6,
        Var(Var(E$))@1:8,
        Var(Var(F$))@1:10,
        Var(Var(G$))@1:12,
        Spread@1:14,
        OQuote@1:16,
        TxtContent("hijk")@1:17,
        OTxtInterp@1:21,
        Var(Var(L$))@1:23,
        Var(Var(M$))@1:25,
        Var(Var(N$))@1:27,
        Var(Var(O$))@1:29,
        Spread@1:31,
        OQuote@1:33,
        TxtContent("p")@1:34,
        CQuote@1:35,
        CTxtInterp@1:36,
        CQuote@1:38,
        CTxtInterp@1:39,
        CQuote@1:41,
    ],
)
