---
source: librellog/src/lex/tests.rs
expression: output
input_file: librellog/src/lex/snapshot_tests/difficult.rellog
---
Ok(
    [
        OBrack@1:1,
        Sym(Sym(provide_option))@1:2,
        OBrack@1:16,
        Sym(Sym(next_rel_def))@1:18,
        OBrace@1:30,
        CBrace@1:32,
        COBrack@1:33,
        Sym(Sym(opt))@1:35,
        OBrack@1:38,
        Sym(Sym(decorates))@1:40,
        OBrack@1:49,
        Var(Var(ClauseHead$))@1:51,
        COBrack@1:61,
        Var(Var(ClauseBody$))@1:63,
        CBrack@1:73,
        CBrack@1:74,
        COBrack@1:75,
        Var(Var(MacroHead$))@1:77,
        CBrack@1:86,
        CBrack@1:87,
        Dash@1:88,
        OBrack@2:6,
        Sym(Sym(tm))@2:8,
        Var(Var(MacroHead$))@2:10,
        COBrack@2:20,
        Var(Var(Txt$))@2:22,
        CBrack@2:25,
        Dash@2:26,
        OBrack@3:6,
        Sym(Sym(io_write))@3:8,
        OQuote@3:16,
        TxtContent("Could not provide option for next_rel_def: ")@3:18,
        CQuote@3:61,
        COBrack@3:62,
        Sym(Sym(stream))@3:64,
        Sym(Sym(stderr))@3:70,
        CBrack@3:77,
        Dash@3:78,
        OBrack@4:6,
        Sym(Sym(io_writeln))@4:8,
        Var(Var(Txt$))@4:18,
        COBrack@4:22,
        Sym(Sym(stream))@4:24,
        Sym(Sym(stderr))@4:30,
        CBrack@4:37,
        Dash@4:38,
        OBrack@5:6,
        Sym(Sym(false))@5:8,
        CBrack@5:13,
    ],
)
